
Inactive Modules:
  1) hwloc/2.9.1     2) pmix/4.2.4     3) ucc/1.2.0

Due to MODULEPATH changes, the following have been reloaded:
  1) mii/1.1.2

The following have been reloaded with a version change:
  1) flexiblas/3.3.1 => flexiblas/3.0.4
  2) gcc/12.3 => gcc/9.3.0
  3) gcccore/.12.3 => gcccore/.9.3.0
  4) gentoo/2023 => gentoo/2020
  5) imkl/2023.2.0 => imkl/2020.1.217
  6) libfabric/1.18.0 => libfabric/1.10.1
  7) openmpi/4.1.5 => openmpi/4.0.3
  8) ucx/1.14.1 => ucx/1.8.0


Due to MODULEPATH changes, the following have been reloaded:
  1) openmpi/4.0.3

The following have been reloaded with a version change:
  1) StdEnv/2023 => StdEnv/2020


Lmod is automatically replacing "intel/2020.1.217" with "gcc/9.3.0".


Due to MODULEPATH changes, the following have been reloaded:
  1) openmpi/4.0.3

/lustre03/project/6093715/yixinlok/virtualenv/lib/python3.11/site-packages/numpy/_core/fromnumeric.py:57: FutureWarning: 'DataFrame.swapaxes' is deprecated and will be removed in a future version. Please use 'DataFrame.transpose' instead.
  return bound(*args, **kwds)
Training:   0%|          | 0/150 [00:00<?, ?it/s]Training:   0%|          | 0/150 [00:00<?, ?it/s, current_epoch=1]Training:   1%|          | 1/150 [03:18<8:12:56, 198.50s/it, current_epoch=1]Training:   1%|          | 1/150 [03:18<8:12:56, 198.50s/it, current_epoch=2]Training:   1%|▏         | 2/150 [06:43<8:19:37, 202.55s/it, current_epoch=2]Training:   1%|▏         | 2/150 [06:43<8:19:37, 202.55s/it, current_epoch=3]Training:   2%|▏         | 3/150 [10:15<8:26:17, 206.65s/it, current_epoch=3]Training:   2%|▏         | 3/150 [10:15<8:26:17, 206.65s/it, current_epoch=4]slurmstepd: error: *** JOB 54607298 ON bg11408 CANCELLED AT 2025-03-18T06:09:49 DUE TO TIME LIMIT ***
slurmstepd: error: *** JOB 54607298 STEPD TERMINATED ON bg11408 AT 2025-03-18T06:19:49 DUE TO JOB NOT ENDING WITH SIGNALS ***
slurmstepd: error: Container 3937983 in cgroup plugin has 1 processes, giving up after 607 sec
